@title Snap Framework — Feature Showcase
@description Every feature of Snap in one page
@theme default
@favicon https://em-content.zobj.net/source/apple/391/pinching-hand_1f90c.png
@var-framework "Snap"
@var-version "0.2"
@var-tagline "The LLM-Native Web Framework"

layout
  nav "🫰 Snap v0.2" bg-white
    link "Components" href=#components
    link "Interactive" href=#interactive
    link "Animations" href=#animations
    link "Theming" href=#theming
    link "Charts" href=#charts
    button "GitHub" href=https://github.com/sanketkheni01/snap-framework

  hero "{framework} — {tagline}" bg-gradient
    text "Build beautiful websites by describing them. No CSS, no config, no boilerplate."
    text "This page showcases every feature of {framework} v{version}" muted
    row center
      button "Explore Features" href=#components
      button "View Source" href=https://github.com/sanketkheni01/snap-framework secondary

  section "Core Components" id=components
    heading "Cards & Grid"
    grid cols=3
      card "⚡ Lightning Fast" fade-in
        text "Zero build config. Write .snap, get a website. ~30 tokens for a full page."
        badge "Fast"
      card "🧠 LLM-Native" fade-in
        text "Designed for AI to read and write. Minimal syntax, maximum output."
        badge "Smart"
      card "🎨 Beautiful Defaults" fade-in
        text "Professional styling out of the box. No CSS knowledge needed."
        badge "Pretty"

    heading "Statistics"
    grid cols=4
      stat "30" label="Tokens per page" trend="-90% vs React"
      stat "18" label="Page examples" trend="+15 new"
      stat "40+" label="Components" trend="+20 in v0.2"
      stat "0" label="Config files needed"

    heading "Text & Typography"
    text "Regular body text with nice line height and readable width."
    text "Muted helper text for secondary information." muted
    text "Bold text for emphasis." bold
    text "Large text for callouts." large
    quote "The best framework is the one that gets out of your way. Snap doesn't just get out of the way — it doesn't even have a way."

    heading "Lists"
    list
      item "Zero configuration required"
      item "Responsive by default"
      item "Professional styling built-in"
      item "Works with any LLM"

    heading "Code Blocks"
    code "layout\n  hero \"Hello World\" bg-gradient\n    text \"Built with Snap\"\n    button \"Get Started\"\n  footer \"Made with 🫰\""

    heading "Forms"
    form "Contact Us"
      input "Name" type=text placeholder="Your name"
      input "Email" type=email placeholder="you@example.com"
      input "Message" type=text placeholder="What's on your mind?"
      button "Send Message"

    heading "Alerts"
    alert "Success! Your page has been deployed." type=success
    alert "Warning: This tunnel URL is temporary." type=warning
    alert "Info: Snap v0.2 includes 20+ new components." type=info
    alert "Error: Just kidding, everything works fine." type=error

    heading "Progress Bars"
    progress value=90 label="Framework Completion"
    progress value=75 label="Documentation"
    progress value=60 label="World Domination"

    heading "Badges & Inline"
    row
      badge "v0.2"
      badge "LLM-Native"
      badge "Open Source"
      badge "Zero Config"
      badge "TypeScript-Free"

  section "Interactive Components" id=interactive
    heading "Tabs"
    tabs "Overview,Installation,Usage"
      text "Snap is the LLM-native web framework. Describe your website, get beautiful HTML."
      text "Just create a .snap file and run: node cli.js dev"
      text "Write components using indent-based nesting. Style with keywords. Ship instantly."

    heading "Accordion"
    accordion "What is Snap?"
      text "Snap is a web framework where you describe what you want instead of coding it. An LLM can generate a full page in ~30 tokens."
    accordion "How does it work?"
      text "You write .snap files using a simple DSL. The compiler converts them to optimized HTML + CSS + JS. No build tools needed."
    accordion "Is it production ready?"
      text "It's v0.2 — great for landing pages, portfolios, docs, and static sites. Full app capabilities coming in v0.5."

    heading "Modal"
    modal "Open Demo Modal"
      heading "Welcome to Snap! 🫰"
      text "This modal was created with just 3 lines of .snap code."
      text "No JavaScript written. No CSS written. Just describe what you want."

    heading "Counter"
    counter value=0

    heading "Toggle"
    toggle "Enable dark mode"
    toggle "Send notifications"
    toggle "Auto-save drafts"

  section "Animations" id=animations
    heading "Entrance Animations"
    grid cols=4
      card "Fade In" fade-in
        text "I appeared smoothly"
      card "Slide Up" slide-up
        text "I came from below"
      card "Slide Left" slide-left
        text "I came from the left"
      card "Slide Right" slide-right
        text "I came from the right"

    heading "Attention Animations"
    grid cols=3
      card "Bounce" bounce
        text "I'm bouncy!"
      card "Pulse" pulse
        text "I'm pulsing!"
      card "Shake" shake
        text "I'm shaking!"

    heading "Hover Effects"
    grid cols=3
      card "Hover Grow" hover-grow
        text "Hover me to grow"
      card "Hover Glow" hover-glow
        text "Hover me to glow"
      card "Hover Lift" hover-lift
        text "Hover me to lift"

  section "Theming & Styles" id=theming
    heading "Color Palette"
    grid cols=6
      card "Primary" bg-primary
        text "Main brand color" white
      card "Secondary" bg-secondary
        text "Supporting color" white
      card "Accent" bg-accent
        text "Highlight color" white
      card "Dark" bg-dark
        text "Dark backgrounds" white
      card "Success" 
        text "Positive actions" success
      card "Danger"
        text "Destructive actions" danger

    heading "Sizing"
    text "Small text for fine print." small
    text "Regular text for body content."
    text "Large text for emphasis." large
    text "Extra large for headings." xl
    text "Huge text for heroes." huge

  section "Data Visualization" id=charts
    heading "Charts"
    grid cols=2
      chart "Monthly Revenue" type=bar labels="Jan,Feb,Mar,Apr,May,Jun" values="12,19,8,25,32,28"
      chart "User Growth" type=line labels="Q1,Q2,Q3,Q4" values="100,250,480,720"

    chart "Market Share" type=pie labels="Snap,React,Vue,Angular,Other" values="35,30,15,10,10"

  section "Pricing Example" id=pricing
    heading "Pricing"
    grid cols=3
      pricing "Free" price="$0/mo"
        item "5 pages"
        item "Basic components"
        item "Community support"
        button "Get Started" secondary
      pricing "Pro" price="$19/mo"
        item "Unlimited pages"
        item "All components"
        item "Priority support"
        item "Custom themes"
        button "Start Trial"
      pricing "Enterprise" price="Custom"
        item "Everything in Pro"
        item "Custom components"
        item "Dedicated support"
        item "SLA guarantee"
        button "Contact Sales" secondary

  section "Testimonials"
    grid cols=3
      testimonial "Snap changed how we build landing pages. What took 2 hours now takes 2 minutes." author="Alex Chen" role="CTO, TechCorp"
      testimonial "Finally, a framework that speaks the same language as AI. Game changer." author="Sarah Kim" role="AI Engineer"
      testimonial "We generate 50 landing pages a day with Snap. The ROI is insane." author="Mike Ross" role="Growth Lead"

  section "Timeline"
    timeline
      item "v0.1 — Core Framework"
        text "Parser, compiler, dev server, CLI. 30+ components, file-based routing."
      item "v0.2 — Interactive & Themed"
        text "Tabs, modals, accordions, animations, theming, variables, SEO, 40+ components."
      item "v0.3 — LLM Optimization"
        text "SNAP_SPEC.md, 100+ examples, shorthand syntax, page templates."
      item "v1.0 — Production Ready"
        text "State management, API integration, deployment, ecosystem."

  section "Template Variables"
    heading "Dynamic Content"
    text "This page was built with {framework} version {version}."
    text "{framework} is {tagline}."

  footer "Built with 🫰 {framework} v{version} — The LLM-Native Web Framework"
