@title The Snap Blog
@description Thoughts on building for the AI era

layout
  nav "Snap Blog"
    link "Home" href=/
    link "Archive" href=/archive
    link "About" href=/about

  hero "Thoughts on the AI-Native Web" bg-gradient
    text "Exploring how AI is reshaping how we build for the web."

  section "Featured"
    card "Why LLMs Need a New Web Framework"
      badge "Featured"
      text "Traditional web frameworks were designed for humans typing code. But what happens when AI generates 90% of the code? We need frameworks optimized for token efficiency." muted
      divider
      row
        text "Jan 15, 2026" small muted
        text "5 min read" small muted

  section "Recent Posts"
    grid cols=3
      card "Convention Over Configuration" hover-lift
        text "Why zero-config is the future of web development. Stop configuring, start building." muted
        text "Jan 12, 2026" small muted
      card "The Token Economy" hover-lift
        text "When AI generates your UI, every token costs money. Here's how to optimize." muted
        text "Jan 10, 2026" small muted
      card "Beautiful Defaults Matter" hover-lift
        text "Why we spent weeks on default styling so you never have to write CSS." muted
        text "Jan 8, 2026" small muted
      card "Snap vs Next.js" hover-lift
        text "Side-by-side comparison building the same page in both frameworks." muted
        text "Jan 5, 2026" small muted
      card "The Future of No-Code" hover-lift
        text "How declarative DSLs bridge the gap between code and no-code." muted
        text "Jan 3, 2026" small muted
      card "Designing for AI Output" hover-lift
        text "UI patterns that work best when generated by language models." muted
        text "Dec 28, 2025" small muted

  section "Subscribe"
    text "Get notified when we publish new posts." center muted
    form
      input "Email" type=email placeholder="you@example.com"
      button "Subscribe"

  footer "© 2026 Snap Blog"
