@title Acme SaaS — Ship Faster
@description The modern platform for building products at lightning speed

layout
  nav "Acme" bg-white
    link "Features" href=#features
    link "Pricing" href=#pricing
    link "Docs" href=/docs
    button "Sign Up" href=/signup

  hero "Ship products 10x faster" bg-gradient
    text "The modern developer platform that eliminates boilerplate and lets you focus on what matters."
    row center
      button "Start Free" href=/signup
      button "See Demo" href=/demo secondary

  section "Features"
    grid cols=3
      card "⚡ Lightning Fast"
        text "Deploy in seconds, not hours. Our edge network ensures sub-50ms responses globally."
      card "🔒 Secure by Default"
        text "Enterprise-grade security baked in. SOC2, GDPR, and HIPAA compliant out of the box."
      card "📊 Built-in Analytics"
        text "Real-time insights without third-party tools. Know your users from day one."
      card "🔌 API First"
        text "Everything is an API. Build integrations in minutes with our SDK."
      card "🎨 Beautiful UI"
        text "Pre-built components that look stunning. No design skills required."
      card "🤖 AI Powered"
        text "Smart suggestions, auto-scaling, and predictive monitoring built right in."

  section "Trusted by the best"
    text "Over 10,000 companies ship with Acme" center muted

  section "Pricing"
    grid cols=3
      card "Starter"
        stat "Free" label="forever"
        text "Perfect for side projects and experiments."
        list
          item "1,000 requests/day"
          item "1 team member"
          item "Community support"
        button "Get Started" full

      card "Pro" shadow-lg
        badge "Popular"
        stat "$29/mo" label="per seat"
        text "For growing teams shipping real products."
        list
          item "Unlimited requests"
          item "10 team members"
          item "Priority support"
          item "Custom domains"
        button "Start Trial" full

      card "Enterprise"
        stat "Custom" label="pricing"
        text "For organizations with advanced needs."
        list
          item "Everything in Pro"
          item "Unlimited team"
          item "24/7 dedicated support"
          item "SLA guarantee"
        button "Contact Sales" full secondary

  footer "© 2026 Acme Inc. All rights reserved."
